// Jest Snapshot v1, https://goo.gl/fbAQLP

exports[`Snapshot tests Button 1`] = `
<styled.button
  onClick={[Function]}
>
  <strong />
</styled.button>
`;
