// Jest Snapshot v1, https://goo.gl/fbAQLP

exports[`Snapshot tests Card 1`] = `
<div>
  <styled.div />
</div>
`;
